// Jest Snapshot v1, https://goo.gl/fbAQLP

exports[`Product Component matches snapshot 1`] = `
Object {
  "asFragment": [Function],
  "baseElement": <body>
    <div>
      <div
        class="product"
      >
        <h2>
          Test Product
        </h2>
        <h4>
          Test Category
        </h4>
        <h1>
          £
          10.99
        </h1>
        <p>
          Expiry Date: 
          2024-04-30
        </p>
        <div
          class="product-special"
        >
          ON SPECIAL!!
        </div>
        <button>
          Delete
        </button>
        <button>
          Edit
        </button>
      </div>
    </div>
  </body>,
  "container": <div>
    <div
      class="product"
    >
      <h2>
        Test Product
      </h2>
      <h4>
        Test Category
      </h4>
      <h1>
        £
        10.99
      </h1>
      <p>
        Expiry Date: 
        2024-04-30
      </p>
      <div
        class="product-special"
      >
        ON SPECIAL!!
      </div>
      <button>
        Delete
      </button>
      <button>
        Edit
      </button>
    </div>
  </div>,
  "debug": [Function],
  "findAllByAltText": [Function],
  "findAllByDisplayValue": [Function],
  "findAllByLabelText": [Function],
  "findAllByPlaceholderText": [Function],
  "findAllByRole": [Function],
  "findAllByTestId": [Function],
  "findAllByText": [Function],
  "findAllByTitle": [Function],
  "findByAltText": [Function],
  "findByDisplayValue": [Function],
  "findByLabelText": [Function],
  "findByPlaceholderText": [Function],
  "findByRole": [Function],
  "findByTestId": [Function],
  "findByText": [Function],
  "findByTitle": [Function],
  "getAllByAltText": [Function],
  "getAllByDisplayValue": [Function],
  "getAllByLabelText": [Function],
  "getAllByPlaceholderText": [Function],
  "getAllByRole": [Function],
  "getAllByTestId": [Function],
  "getAllByText": [Function],
  "getAllByTitle": [Function],
  "getByAltText": [Function],
  "getByDisplayValue": [Function],
  "getByLabelText": [Function],
  "getByPlaceholderText": [Function],
  "getByRole": [Function],
  "getByTestId": [Function],
  "getByText": [Function],
  "getByTitle": [Function],
  "queryAllByAltText": [Function],
  "queryAllByDisplayValue": [Function],
  "queryAllByLabelText": [Function],
  "queryAllByPlaceholderText": [Function],
  "queryAllByRole": [Function],
  "queryAllByTestId": [Function],
  "queryAllByText": [Function],
  "queryAllByTitle": [Function],
  "queryByAltText": [Function],
  "queryByDisplayValue": [Function],
  "queryByLabelText": [Function],
  "queryByPlaceholderText": [Function],
  "queryByRole": [Function],
  "queryByTestId": [Function],
  "queryByText": [Function],
  "queryByTitle": [Function],
  "rerender": [Function],
  "unmount": [Function],
}
`;
